// Jest Snapshot v1, https://goo.gl/fbAQLP

exports[`matches snapshot 1`] = `
<DocumentFragment>
  <div
    class="BoxList"
  >
    <h3>
      ALL THE BOXES!
    </h3>
    <form>
      <label
        for="width"
      >
        Width:
      </label>
      <input
        id="width"
        name="width"
        placeholder="Box Width"
        type="text"
        value=""
      />
      <label
        for="height"
      >
        Height:
      </label>
      <input
        id="height"
        name="height"
        placeholder="Box Height"
        type="text"
        value=""
      />
      <label
        for="backgroundColor"
      >
        Background Color:
      </label>
      <input
        id="backgroundColor"
        name="backgroundColor"
        placeholder="Box Background Color"
        type="text"
        value=""
      />
      <button>
        Add Box
      </button>
    </form>
    <div
      class="BoxList-div"
    >
      <div
        class="Box-container"
      >
        <div
          style="width: 250px; height: 250px; background-color: teal;"
        />
        <div
          class="X"
        >
          X
        </div>
      </div>
      <div
        class="Box-container"
      >
        <div
          style="width: 250px; height: 250px; background-color: orange;"
        />
        <div
          class="X"
        >
          X
        </div>
      </div>
    </div>
  </div>
</DocumentFragment>
`;
