// Jest Snapshot v1, https://goo.gl/fbAQLP

exports[`matches snapshot 1`] = `
<DocumentFragment>
  <form>
    <label
      for="width"
    >
      Width:
    </label>
    <input
      id="width"
      name="width"
      placeholder="Box Width"
      type="text"
      value=""
    />
    <label
      for="height"
    >
      Height:
    </label>
    <input
      id="height"
      name="height"
      placeholder="Box Height"
      type="text"
      value=""
    />
    <label
      for="backgroundColor"
    >
      Background Color:
    </label>
    <input
      id="backgroundColor"
      name="backgroundColor"
      placeholder="Box Background Color"
      type="text"
      value=""
    />
    <button>
      Add Box
    </button>
  </form>
</DocumentFragment>
`;
